// Jest Snapshot v1, https://goo.gl/fbAQLP

exports[`renders with minimal props 1`] = `
<div
  className="Connect(AdditionalServicesField)-root-1"
>
  <table
    className="Connect(AdditionalServicesField)-table-2"
  >
    <thead>
      <tr>
        <th>
          Услуга
        </th>
        <th>
          Цена
        </th>
      </tr>
    </thead>
    <tbody>
      <tr>
        <td>
          <div
            className="MuiInputBase-root MuiInput-root Connect(AdditionalServicesField)-titleInput-4 MuiInputBase-fullWidth MuiInput-fullWidth"
            onClick={[Function]}
          >
            <input
              className="MuiInputBase-input MuiInput-input"
              onBlur={[Function]}
              onChange={[Function]}
              onFocus={[Function]}
              placeholder="Назавание услуги"
              type="text"
              value="Аренда беседок"
            />
          </div>
          <div
            className="MuiInputBase-root MuiInput-root Connect(AdditionalServicesField)-descriptionInput-5 MuiInputBase-fullWidth MuiInput-fullWidth"
            onClick={[Function]}
          >
            <input
              className="MuiInputBase-input MuiInput-input"
              onBlur={[Function]}
              onChange={[Function]}
              onFocus={[Function]}
              placeholder="Описание услуги"
              type="text"
              value="Вмешает от 1 до 6 человек"
            />
          </div>
        </td>
        <td>
          <div
            className="MuiFormControl-root MuiTextField-root MuiFormControl-marginNormal"
            onKeyDown={[Function]}
            onMouseUp={[Function]}
          >
            <div
              className="MuiInputBase-root MuiInput-root MuiInputBase-formControl MuiInput-formControl"
              onClick={[Function]}
            >
              <input
                aria-invalid={false}
                className="MuiInputBase-input MuiInput-input"
                disabled={false}
                onBlur={[Function]}
                onChange={[Function]}
                onFocus={[Function]}
                placeholder="100 грн"
                required={false}
                type="text"
                value="100 грн"
              />
            </div>
          </div>
        </td>
        <td>
          <button
            className="MuiButtonBase-root MuiIconButton-root Connect(AdditionalServicesField)-iconButton-3 MuiIconButton-colorSecondary"
            disabled={false}
            onBlur={[Function]}
            onClick={[Function]}
            onDragLeave={[Function]}
            onFocus={[Function]}
            onKeyDown={[Function]}
            onKeyUp={[Function]}
            onMouseDown={[Function]}
            onMouseLeave={[Function]}
            onMouseUp={[Function]}
            onTouchEnd={[Function]}
            onTouchMove={[Function]}
            onTouchStart={[Function]}
            tabIndex={0}
            type="button"
          >
            <span
              className="MuiIconButton-label"
            >
              <svg
                className="mdi-icon "
                fill="currentColor"
                height={24}
                viewBox="0 0 24 24"
                width={24}
              >
                <path
                  d="M12,20C7.59,20 4,16.41 4,12C4,7.59 7.59,4 12,4C16.41,4 20,7.59 20,12C20,16.41 16.41,20 12,20M12,2C6.48,2 2,6.48 2,12C2,17.52 6.48,22 12,22C17.52,22 22,17.52 22,12C22,6.48 17.52,2 12,2M7,13H17V11H7"
                />
              </svg>
            </span>
          </button>
        </td>
      </tr>
      <tr>
        <td>
          <div
            className="MuiInputBase-root MuiInput-root Connect(AdditionalServicesField)-titleInput-4 MuiInputBase-fullWidth MuiInput-fullWidth"
            onClick={[Function]}
          >
            <input
              className="MuiInputBase-input MuiInput-input"
              onBlur={[Function]}
              onChange={[Function]}
              onFocus={[Function]}
              placeholder="Назавание услуги"
              type="text"
              value="Аренда беседок"
            />
          </div>
          <div
            className="MuiInputBase-root MuiInput-root Connect(AdditionalServicesField)-descriptionInput-5 MuiInputBase-fullWidth MuiInput-fullWidth"
            onClick={[Function]}
          >
            <input
              className="MuiInputBase-input MuiInput-input"
              onBlur={[Function]}
              onChange={[Function]}
              onFocus={[Function]}
              placeholder="Описание услуги"
              type="text"
              value="Вмешает от 1 до 6 человек"
            />
          </div>
        </td>
        <td>
          <div
            className="MuiFormControl-root MuiTextField-root MuiFormControl-marginNormal"
            onKeyDown={[Function]}
            onMouseUp={[Function]}
          >
            <div
              className="MuiInputBase-root MuiInput-root MuiInputBase-formControl MuiInput-formControl"
              onClick={[Function]}
            >
              <input
                aria-invalid={false}
                className="MuiInputBase-input MuiInput-input"
                disabled={false}
                onBlur={[Function]}
                onChange={[Function]}
                onFocus={[Function]}
                placeholder="100 грн"
                required={false}
                type="text"
                value="100 грн"
              />
            </div>
          </div>
        </td>
        <td>
          <button
            className="MuiButtonBase-root MuiIconButton-root Connect(AdditionalServicesField)-iconButton-3 MuiIconButton-colorSecondary"
            disabled={false}
            onBlur={[Function]}
            onClick={[Function]}
            onDragLeave={[Function]}
            onFocus={[Function]}
            onKeyDown={[Function]}
            onKeyUp={[Function]}
            onMouseDown={[Function]}
            onMouseLeave={[Function]}
            onMouseUp={[Function]}
            onTouchEnd={[Function]}
            onTouchMove={[Function]}
            onTouchStart={[Function]}
            tabIndex={0}
            type="button"
          >
            <span
              className="MuiIconButton-label"
            >
              <svg
                className="mdi-icon "
                fill="currentColor"
                height={24}
                viewBox="0 0 24 24"
                width={24}
              >
                <path
                  d="M12,20C7.59,20 4,16.41 4,12C4,7.59 7.59,4 12,4C16.41,4 20,7.59 20,12C20,16.41 16.41,20 12,20M12,2C6.48,2 2,6.48 2,12C2,17.52 6.48,22 12,22C17.52,22 22,17.52 22,12C22,6.48 17.52,2 12,2M7,13H17V11H7"
                />
              </svg>
            </span>
          </button>
        </td>
      </tr>
      <tr>
        <td>
          <div
            className="MuiInputBase-root MuiInput-root Connect(AdditionalServicesField)-titleInput-4 MuiInputBase-fullWidth MuiInput-fullWidth"
            onClick={[Function]}
          >
            <input
              className="MuiInputBase-input MuiInput-input"
              onBlur={[Function]}
              onChange={[Function]}
              onFocus={[Function]}
              placeholder="Назавание услуги"
              type="text"
              value=""
            />
          </div>
          <div
            className="MuiInputBase-root MuiInput-root Connect(AdditionalServicesField)-descriptionInput-5 MuiInputBase-fullWidth MuiInput-fullWidth"
            onClick={[Function]}
          >
            <input
              className="MuiInputBase-input MuiInput-input"
              onBlur={[Function]}
              onChange={[Function]}
              onFocus={[Function]}
              placeholder="Описание услуги"
              type="text"
              value=""
            />
          </div>
        </td>
        <td
          width="100px"
        >
          <div
            className="MuiFormControl-root MuiTextField-root"
            onKeyDown={[Function]}
            onMouseUp={[Function]}
          >
            <div
              className="MuiInputBase-root MuiInput-root MuiInputBase-formControl MuiInput-formControl"
              onClick={[Function]}
            >
              <input
                aria-invalid={false}
                className="MuiInputBase-input MuiInput-input"
                disabled={false}
                onBlur={[Function]}
                onChange={[Function]}
                onFocus={[Function]}
                placeholder="100 грн"
                required={false}
                type="text"
                value=""
              />
            </div>
          </div>
        </td>
        <td
          width="25px"
        >
          <button
            className="MuiButtonBase-root MuiIconButton-root Connect(AdditionalServicesField)-iconButton-3 MuiIconButton-colorSecondary Mui-disabled Mui-disabled"
            disabled={true}
            onBlur={[Function]}
            onClick={[Function]}
            onDragLeave={[Function]}
            onFocus={[Function]}
            onKeyDown={[Function]}
            onKeyUp={[Function]}
            onMouseDown={[Function]}
            onMouseLeave={[Function]}
            onMouseUp={[Function]}
            onTouchEnd={[Function]}
            onTouchMove={[Function]}
            onTouchStart={[Function]}
            tabIndex={-1}
            type="button"
          >
            <span
              className="MuiIconButton-label"
            >
              <svg
                className="mdi-icon "
                fill="currentColor"
                height={24}
                viewBox="0 0 24 24"
                width={24}
              >
                <path
                  d="M12,20C7.59,20 4,16.41 4,12C4,7.59 7.59,4 12,4C16.41,4 20,7.59 20,12C20,16.41 16.41,20 12,20M12,2C6.48,2 2,6.48 2,12C2,17.52 6.48,22 12,22C17.52,22 22,17.52 22,12C22,6.48 17.52,2 12,2M13,7H11V11H7V13H11V17H13V13H17V11H13V7Z"
                />
              </svg>
            </span>
          </button>
        </td>
      </tr>
    </tbody>
  </table>
  <p
    className="MuiFormHelperText-root"
  />
</div>
`;
